../Core/Src/main.c:144:6:HAL_UART_RxCpltCallback	16	static
../Core/Src/main.c:155:6:HAL_UART_TxCpltCallback	16	static
../Core/Src/main.c:176:6:UART_Print	16	static
../Core/Src/main.c:181:6:get_time_milis	24	static
../Core/Src/main.c:198:6:converdata	8	static
../Core/Src/main.c:214:6:SetBrushMotor	8	static
../Core/Src/main.c:276:6:calculate_pid	24	static
../Core/Src/main.c:349:6:MPU6050_Read_Accel	48	static
../Core/Src/main.c:361:6:MPU6050_Init	40	static
../Core/Src/main.c:393:6:MPU6050_Read_Gyro	48	static
../Core/Src/main.c:405:6:MPU6050_Convert_to_Angle	64	static
../Core/Src/main.c:419:6:MPU6050_calibrateGyroscope	32	static
../Core/Src/main.c:433:6:MPU6050_Complementary_filter	40	static
../Core/Src/main.c:461:5:main	24	static
../Core/Src/main.c:554:6:SystemClock_Config	72	static
../Core/Src/main.c:595:13:MX_I2C1_Init	8	static
../Core/Src/main.c:629:13:MX_IWDG_Init	8	static
../Core/Src/main.c:657:13:MX_TIM1_Init	32	static
../Core/Src/main.c:703:13:MX_TIM2_Init	64	static
../Core/Src/main.c:775:13:MX_USART1_UART_Init	8	static
../Core/Src/main.c:808:13:MX_GPIO_Init	24	static
../Core/Src/main.c:830:6:Error_Handler	4	static,ignoring_inline_asm
